// Jest Snapshot v1, https://goo.gl/fbAQLP

exports[`TrackList Snapshot renders 1`] = `
<div
  className="track__wrapper"
>
  <ul />
</div>
`;
